// Jest Snapshot v1, https://goo.gl/fbAQLP

exports[`parses correctly:

# List of one image
* * ![[MAM_8533239_SHOP_IMAGE_1.8.png 1.webp|100x100]]
 1`] = `
{
  "stacks": [
    {
      "cards": [],
      "name": "List of one image",
      "ref": "#List of one image",
    },
  ],
}
`;

exports[`parses correctly:
# Heading one
* card 1
* card 1

# Heading two
* foo
* bar
 1`] = `
{
  "stacks": [
    {
      "cards": [
        {
          "ref": "#Heading one^0",
          "text": "card 1",
        },
        {
          "ref": "#Heading one^1",
          "text": "card 1",
        },
      ],
      "name": "Heading one",
      "ref": "#Heading one",
    },
    {
      "cards": [
        {
          "ref": "#Heading two^0",
          "text": "foo",
        },
        {
          "ref": "#Heading two^1",
          "text": "bar",
        },
      ],
      "name": "Heading two",
      "ref": "#Heading two",
    },
  ],
}
`;

exports[`parses correctly:
# Markdown Page

* [annotation:: without-text]

even here is text 1`] = `
{
  "stacks": [
    {
      "cards": [
        {
          "annotation": "without-text",
          "ref": "#Markdown Page^0",
          "text": "",
        },
      ],
      "name": "Markdown Page",
      "ref": "#Markdown Page",
    },
  ],
}
`;

exports[`parses correctly:
# Markdown Page

* [category::truth] <- has no space after the two colons
 1`] = `
{
  "stacks": [
    {
      "cards": [
        {
          "category": "truth",
          "ref": "#Markdown Page^0",
          "text": "<- has no space after the two colons",
        },
      ],
      "name": "Markdown Page",
      "ref": "#Markdown Page",
    },
  ],
}
`;

exports[`parses correctly:
# Markdown Page

* [mood:: acceptable] at the start

some text 1`] = `
{
  "stacks": [
    {
      "cards": [
        {
          "mood": "acceptable",
          "ref": "#Markdown Page^0",
          "text": "at the start",
        },
      ],
      "name": "Markdown Page",
      "ref": "#Markdown Page",
    },
  ],
}
`;

exports[`parses correctly:
# Markdown Page

* I [one::1] II [two::2] III [three::3] IV [four::4] V [five::5] VI [six::6] VII [seven::7] VIII [eight::8] XI [nine::9] X [ten::10]
 1`] = `
{
  "stacks": [
    {
      "cards": [
        {
          "eight": "8",
          "five": "5",
          "four": "4",
          "nine": "9",
          "one": "1",
          "ref": "#Markdown Page^0",
          "seven": "7",
          "six": "6",
          "ten": "10",
          "text": "I II III IV V VI VII VIII XI X",
          "three": "3",
          "two": "2",
        },
      ],
      "name": "Markdown Page",
      "ref": "#Markdown Page",
    },
  ],
}
`;

exports[`parses correctly:
# Markdown Page

* I would rate this at the end with [rating:: 9]

more text 1`] = `
{
  "stacks": [
    {
      "cards": [
        {
          "rating": "9",
          "ref": "#Markdown Page^0",
          "text": "I would rate this at the end with",
        },
      ],
      "name": "Markdown Page",
      "ref": "#Markdown Page",
    },
  ],
}
`;

exports[`parses correctly:
# Markdown Page

* I would rate this with multiple annotations: a [rating:: 9] and it was [mood:: acceptable] — which is okay.

another text 1`] = `
{
  "stacks": [
    {
      "cards": [
        {
          "mood": "acceptable",
          "rating": "9",
          "ref": "#Markdown Page^0",
          "text": "I would rate this with multiple annotations: a and it was — which is okay.",
        },
      ],
      "name": "Markdown Page",
      "ref": "#Markdown Page",
    },
  ],
}
`;

exports[`parses correctly:
# Markdown Page

* This will not show the (longKeyIDontNeedWhenReading:: key). 1`] = `
{
  "stacks": [
    {
      "cards": [
        {
          "longKeyIDontNeedWhenReading": "key",
          "ref": "#Markdown Page^0",
          "text": "This will not show the (longKeyIDontNeedWhenReading:: key).",
        },
      ],
      "name": "Markdown Page",
      "ref": "#Markdown Page",
    },
  ],
}
`;

exports[`parses correctly:
# Markdown Page

- [ ] Send an mail to David about the deadline [due:: 2022-04-05].

some more text 1`] = `
{
  "stacks": [
    {
      "cards": [
        {
          "due": "2022-04-05",
          "ref": "#Markdown Page^0",
          "text": "Send an mail to David about the deadline .",
        },
      ],
      "name": "Markdown Page",
      "ref": "#Markdown Page",
    },
  ],
}
`;

exports[`parses correctly:
# Markdown Page

Basic Field:: Some random Value
**Bold Field**:: Nice!
Noël:: Un jeu de console
クリスマス:: 家庭用ゲーム機
[🎅:: a console game]
[xmas🎄:: a console game] 1`] = `
{
  "stacks": [
    {
      "cards": [],
      "name": "Markdown Page",
      "ref": "#Markdown Page",
    },
  ],
}
`;

exports[`parses correctly:
# a heading
* card 1
* card 1
 1`] = `
{
  "stacks": [
    {
      "cards": [
        {
          "ref": "#a heading^0",
          "text": "card 1",
        },
        {
          "ref": "#a heading^1",
          "text": "card 1",
        },
      ],
      "name": "a heading",
      "ref": "#a heading",
    },
  ],
}
`;

exports[`parses correctly:
* this document has no heading
* but two cards
 1`] = `
{
  "stacks": [
    {
      "cards": [
        {
          "ref": "^0",
          "text": "this document has no heading",
        },
        {
          "ref": "^1",
          "text": "but two cards",
        },
      ],
      "name": "",
      "ref": "",
    },
  ],
}
`;

exports[`parses events correctly:

## Events

\`\`\`truth-or-dare:event
type:card-draw
timestamp: 1706012788684
x: 2
\`\`\`

\`\`\`truth-or-dare:event
type:card-draw
timestamp: 1706012792713
x: 2
\`\`\`

\`\`\`truth-or-dare:event
type:card-draw
timestamp: 1706012795173
x: 2
\`\`\`
 1`] = `
[
  {
    "card": null,
    "timestamp": 1706012788684,
    "type": "card-draw",
  },
  {
    "card": null,
    "timestamp": 1706012792713,
    "type": "card-draw",
  },
  {
    "card": null,
    "timestamp": 1706012795173,
    "type": "card-draw",
  },
]
`;

exports[`parses events correctly:

## Events

\`\`\`truth-or-dare:event
type:card-draw
timestamp: 1706012788684
x: should be present in parsed result
\`\`\`

\`\`\`javascript
THIS SHOULD NOT BE PRESENT IN PARSED RESULT
\`\`\`

 1`] = `
[
  {
    "card": null,
    "timestamp": 1706012788684,
    "type": "card-draw",
  },
]
`;
