// Vitest Snapshot v1, https://vitest.dev/guide/snapshot.html

exports[`renders CurrentCard 1`] = `
<div
  className="tremor-Card-root relative w-full text-left ring-1 rounded-tremor-default p-6 bg-tremor-background ring-tremor-ring shadow-tremor-card dark:bg-dark-tremor-background dark:ring-dark-tremor-ring dark:shadow-dark-tremor-card border-tremor-brand dark:border-dark-tremor-brand mx-auto max-w-xl"
>
  <p
    className="text-3xl text-tremor-content-strong dark:text-dark-tremor-content-strong font-semibold"
  >
    <span>
      Do something.
    </span>
  </p>
</div>
`;

exports[`renders DisplayedCard = card 1`] = `
<div
  className="tremor-Card-root relative w-full text-left ring-1 rounded-tremor-default p-6 bg-tremor-background ring-tremor-ring shadow-tremor-card dark:bg-dark-tremor-background dark:ring-dark-tremor-ring dark:shadow-dark-tremor-card border-tremor-brand dark:border-dark-tremor-brand mx-auto max-w-xl"
>
  <p
    className="text-3xl text-tremor-content-strong dark:text-dark-tremor-content-strong font-semibold"
  >
    <span>
      Do something.
    </span>
  </p>
</div>
`;

exports[`renders DisplayedCard = null 1`] = `
<p>
  There is no card to display (yet).
</p>
`;

exports[`renders InspectorView 1`] = `
<div>
  <h1>
    Inspecting 
    Truth or Dare
  </h1>
  <h2>
    Status
  </h2>
  <p>
    So far, 
    0
     cards have been played.
  </p>
  <p>
    There are 
    2
     cards remaining.
  </p>
  <h2>
    Events
  </h2>
  <p>
    In this game there are 
    1
     events played so far.
  </p>
  <h2>
    Slots
  </h2>
  <pre
    style={
      {
        "fontSize": "80%",
      }
    }
  >
    []
  </pre>
  <h2>
    Players
  </h2>
  <pre
    style={
      {
        "fontSize": "80%",
      }
    }
  >
    []
  </pre>
  <h2>
    Template
  </h2>
  <pre
    style={
      {
        "fontSize": "80%",
      }
    }
  >
    [
  {
    "name": "first stack",
    "ref": "#first stack",
    "cards": [
      {
        "ref": "#first stack^0",
        "text": "one card",
        "annotations": []
      }
    ]
  },
  {
    "name": "second stack",
    "ref": "#second stack",
    "cards": [
      {
        "ref": "#second stack^0",
        "text": "first of two cards",
        "annotations": []
      },
      {
        "ref": "#second stack^1",
        "text": "second of two cards",
        "annotations": []
      }
    ]
  }
]
  </pre>
</div>
`;

exports[`renders NoCard 1`] = `
<p>
  There is no card to display (yet).
</p>
`;

exports[`renders PlayView 1`] = `
[
  <div
    className="row-start-1 col-start-3 col-end-4 row-end-2 text-center align-middle"
  >
    <h1
      className="text-3xl font-bold size-full"
    >
      Truth or Dare?
    </h1>
  </div>,
  <div
    className="row-start-2 col-start-3 row-end-3 col-end-4 text-center"
  >
    <div
      className="tremor-Card-root relative w-full text-left ring-1 rounded-tremor-default p-6 bg-tremor-background ring-tremor-ring shadow-tremor-card dark:bg-dark-tremor-background dark:ring-dark-tremor-ring dark:shadow-dark-tremor-card border-tremor-brand dark:border-dark-tremor-brand mx-auto max-w-xl"
    >
      <p
        className="text-3xl text-tremor-content-strong dark:text-dark-tremor-content-strong font-semibold"
      >
        <span>
          one card
        </span>
      </p>
    </div>
  </div>,
  <div
    className="row-start-3 col-start-3 row-end-4 col-end-4 text-center"
  >
    <button
      className="tremor-Button-root shrink-0 inline-flex justify-center items-center group font-medium outline-none rounded-tremor-default border shadow-tremor-input dark:shadow-dark-tremor-input px-4 py-2 text-sm bg-tremor-brand dark:bg-dark-tremor-brand border-tremor-brand dark:border-dark-tremor-brand text-tremor-brand-inverted dark:text-dark-tremor-brand-inverted hover:bg-tremor-brand-emphasis dark:hover:bg-dark-tremor-brand-emphasis hover:border-tremor-brand-emphasis dark:hover:border-dark-tremor-brand-emphasis"
      onClick={[Function]}
    >
      <svg
        className="remixicon tremor-Button-icon shrink-0 h-5 w-5 -ml-1 mr-1.5"
        fill="currentColor"
        height={24}
        viewBox="0 0 24 24"
        width={24}
        xmlns="http://www.w3.org/2000/svg"
      >
        <path
          d="M9.9997 15.1709L19.1921 5.97852L20.6063 7.39273L9.9997 17.9993L3.63574 11.6354L5.04996 10.2212L9.9997 15.1709Z"
        />
      </svg>
      <span
        className="tremor-Button-text text-tremor-default whitespace-nowrap"
      >
        Card completed
      </span>
    </button>
  </div>,
  <div
    className="row-start-2 col-start-2 row-end-4 col-end-3"
  >
    <div>
      <h2>
        Players
      </h2>
      <button
        className="tremor-Button-root shrink-0 inline-flex justify-center items-center group font-medium outline-none rounded-tremor-default border shadow-tremor-input dark:shadow-dark-tremor-input px-4 py-2 text-sm bg-tremor-brand dark:bg-dark-tremor-brand border-tremor-brand dark:border-dark-tremor-brand text-tremor-brand-inverted dark:text-dark-tremor-brand-inverted hover:bg-tremor-brand-emphasis dark:hover:bg-dark-tremor-brand-emphasis hover:border-tremor-brand-emphasis dark:hover:border-dark-tremor-brand-emphasis"
        onClick={[Function]}
      >
        <svg
          className="remixicon tremor-Button-icon shrink-0 h-5 w-5 -ml-1 mr-1.5"
          fill="currentColor"
          height={24}
          viewBox="0 0 24 24"
          width={24}
          xmlns="http://www.w3.org/2000/svg"
        >
          <path
            d="M14 14.252V16.3414C13.3744 16.1203 12.7013 16 12 16C8.68629 16 6 18.6863 6 22H4C4 17.5817 7.58172 14 12 14C12.6906 14 13.3608 14.0875 14 14.252ZM12 13C8.685 13 6 10.315 6 7C6 3.685 8.685 1 12 1C15.315 1 18 3.685 18 7C18 10.315 15.315 13 12 13ZM12 11C14.21 11 16 9.21 16 7C16 4.79 14.21 3 12 3C9.79 3 8 4.79 8 7C8 9.21 9.79 11 12 11ZM18 17V14H20V17H23V19H20V22H18V19H15V17H18Z"
          />
        </svg>
        <span
          className="tremor-Button-text text-tremor-default whitespace-nowrap"
        >
          Add Player
        </span>
      </button>
    </div>
  </div>,
]
`;
